Archive member included to satisfy reference by file (symbol)

C:/ST/STM32CubeIDE_1.15.1/STM32CubeIDE/plugins/com.st.stm32cube.ide.mcu.externaltools.gnu-tools-for-stm32.12.3.rel1.win32_1.0.200.202406191623/tools/bin/../lib/gcc/arm-none-eabi/12.3.1/../../../../arm-none-eabi/lib/thumb/v7e-m/nofp\libc_nano.a(libc_a-exit.o)
                              C:/ST/STM32CubeIDE_1.15.1/STM32CubeIDE/plugins/com.st.stm32cube.ide.mcu.externaltools.gnu-tools-for-stm32.12.3.rel1.win32_1.0.200.202406191623/tools/bin/../lib/gcc/arm-none-eabi/12.3.1/../../../../arm-none-eabi/lib/thumb/v7e-m/nofp/crt0.o (exit)
C:/ST/STM32CubeIDE_1.15.1/STM32CubeIDE/plugins/com.st.stm32cube.ide.mcu.externaltools.gnu-tools-for-stm32.12.3.rel1.win32_1.0.200.202406191623/tools/bin/../lib/gcc/arm-none-eabi/12.3.1/../../../../arm-none-eabi/lib/thumb/v7e-m/nofp\libc_nano.a(libc_a-findfp.o)
                              C:/ST/STM32CubeIDE_1.15.1/STM32CubeIDE/plugins/com.st.stm32cube.ide.mcu.externaltools.gnu-tools-for-stm32.12.3.rel1.win32_1.0.200.202406191623/tools/bin/../lib/gcc/arm-none-eabi/12.3.1/../../../../arm-none-eabi/lib/thumb/v7e-m/nofp\libc_nano.a(libc_a-exit.o) (__stdio_exit_handler)
C:/ST/STM32CubeIDE_1.15.1/STM32CubeIDE/plugins/com.st.stm32cube.ide.mcu.externaltools.gnu-tools-for-stm32.12.3.rel1.win32_1.0.200.202406191623/tools/bin/../lib/gcc/arm-none-eabi/12.3.1/../../../../arm-none-eabi/lib/thumb/v7e-m/nofp\libc_nano.a(libc_a-fwalk.o)
                              C:/ST/STM32CubeIDE_1.15.1/STM32CubeIDE/plugins/com.st.stm32cube.ide.mcu.externaltools.gnu-tools-for-stm32.12.3.rel1.win32_1.0.200.202406191623/tools/bin/../lib/gcc/arm-none-eabi/12.3.1/../../../../arm-none-eabi/lib/thumb/v7e-m/nofp\libc_nano.a(libc_a-findfp.o) (_fwalk_sglue)
C:/ST/STM32CubeIDE_1.15.1/STM32CubeIDE/plugins/com.st.stm32cube.ide.mcu.externaltools.gnu-tools-for-stm32.12.3.rel1.win32_1.0.200.202406191623/tools/bin/../lib/gcc/arm-none-eabi/12.3.1/../../../../arm-none-eabi/lib/thumb/v7e-m/nofp\libc_nano.a(libc_a-stdio.o)
                              C:/ST/STM32CubeIDE_1.15.1/STM32CubeIDE/plugins/com.st.stm32cube.ide.mcu.externaltools.gnu-tools-for-stm32.12.3.rel1.win32_1.0.200.202406191623/tools/bin/../lib/gcc/arm-none-eabi/12.3.1/../../../../arm-none-eabi/lib/thumb/v7e-m/nofp\libc_nano.a(libc_a-findfp.o) (__sread)
C:/ST/STM32CubeIDE_1.15.1/STM32CubeIDE/plugins/com.st.stm32cube.ide.mcu.externaltools.gnu-tools-for-stm32.12.3.rel1.win32_1.0.200.202406191623/tools/bin/../lib/gcc/arm-none-eabi/12.3.1/../../../../arm-none-eabi/lib/thumb/v7e-m/nofp\libc_nano.a(libc_a-memset.o)
                              C:/ST/STM32CubeIDE_1.15.1/STM32CubeIDE/plugins/com.st.stm32cube.ide.mcu.externaltools.gnu-tools-for-stm32.12.3.rel1.win32_1.0.200.202406191623/tools/bin/../lib/gcc/arm-none-eabi/12.3.1/../../../../arm-none-eabi/lib/thumb/v7e-m/nofp/crt0.o (memset)
C:/ST/STM32CubeIDE_1.15.1/STM32CubeIDE/plugins/com.st.stm32cube.ide.mcu.externaltools.gnu-tools-for-stm32.12.3.rel1.win32_1.0.200.202406191623/tools/bin/../lib/gcc/arm-none-eabi/12.3.1/../../../../arm-none-eabi/lib/thumb/v7e-m/nofp\libc_nano.a(libc_a-closer.o)
                              C:/ST/STM32CubeIDE_1.15.1/STM32CubeIDE/plugins/com.st.stm32cube.ide.mcu.externaltools.gnu-tools-for-stm32.12.3.rel1.win32_1.0.200.202406191623/tools/bin/../lib/gcc/arm-none-eabi/12.3.1/../../../../arm-none-eabi/lib/thumb/v7e-m/nofp\libc_nano.a(libc_a-stdio.o) (_close_r)
C:/ST/STM32CubeIDE_1.15.1/STM32CubeIDE/plugins/com.st.stm32cube.ide.mcu.externaltools.gnu-tools-for-stm32.12.3.rel1.win32_1.0.200.202406191623/tools/bin/../lib/gcc/arm-none-eabi/12.3.1/../../../../arm-none-eabi/lib/thumb/v7e-m/nofp\libc_nano.a(libc_a-reent.o)
                              C:/ST/STM32CubeIDE_1.15.1/STM32CubeIDE/plugins/com.st.stm32cube.ide.mcu.externaltools.gnu-tools-for-stm32.12.3.rel1.win32_1.0.200.202406191623/tools/bin/../lib/gcc/arm-none-eabi/12.3.1/../../../../arm-none-eabi/lib/thumb/v7e-m/nofp\libc_nano.a(libc_a-closer.o) (errno)
C:/ST/STM32CubeIDE_1.15.1/STM32CubeIDE/plugins/com.st.stm32cube.ide.mcu.externaltools.gnu-tools-for-stm32.12.3.rel1.win32_1.0.200.202406191623/tools/bin/../lib/gcc/arm-none-eabi/12.3.1/../../../../arm-none-eabi/lib/thumb/v7e-m/nofp\libc_nano.a(libc_a-impure.o)
                              C:/ST/STM32CubeIDE_1.15.1/STM32CubeIDE/plugins/com.st.stm32cube.ide.mcu.externaltools.gnu-tools-for-stm32.12.3.rel1.win32_1.0.200.202406191623/tools/bin/../lib/gcc/arm-none-eabi/12.3.1/../../../../arm-none-eabi/lib/thumb/v7e-m/nofp\libc_nano.a(libc_a-reent.o) (_impure_ptr)
C:/ST/STM32CubeIDE_1.15.1/STM32CubeIDE/plugins/com.st.stm32cube.ide.mcu.externaltools.gnu-tools-for-stm32.12.3.rel1.win32_1.0.200.202406191623/tools/bin/../lib/gcc/arm-none-eabi/12.3.1/../../../../arm-none-eabi/lib/thumb/v7e-m/nofp\libc_nano.a(libc_a-lseekr.o)
[...]
Memory Configuration

Name             Origin             Length             Attributes
RAM              0x20000000         0x00020000         xrw
FLASH            0x08000000         0x00080000         xr
*default*        0x00000000         0xffffffff

Linker script and memory map

LOAD C:/ST/STM32CubeIDE_1.15.1/STM32CubeIDE/plugins/com.st.stm32cube.ide.mcu.externaltools.gnu-tools-for-stm32.12.3.rel1.win32_1.0.200.202406191623/tools/bin/../lib/gcc/arm-none-eabi/12.3.1/thumb/v7e-m/nofp/crti.o
LOAD C:/ST/STM32CubeIDE_1.15.1/STM32CubeIDE/plugins/com.st.stm32cube.ide.mcu.externaltools.gnu-tools-for-stm32.12.3.rel1.win32_1.0.200.202406191623/tools/bin/../lib/gcc/arm-none-eabi/12.3.1/thumb/v7e-m/nofp/crtbegin.o
LOAD C:/ST/STM32CubeIDE_1.15.1/STM32CubeIDE/plugins/com.st.stm32cube.ide.mcu.externaltools.gnu-tools-for-stm32.12.3.rel1.win32_1.0.200.202406191623/tools/bin/../lib/gcc/arm-none-eabi/12.3.1/../../../../arm-none-eabi/lib/thumb/v7e-m/nofp/crt0.o
LOAD ./Src/led.o
LOAD ./Src/main.o
LOAD ./Src/menu.o
LOAD ./Src/pwm.o
LOAD ./Src/system_stm32f4xx.o
LOAD ./Src/uart.o
LOAD ./Startup/startup_stm32f446retx.o
START GROUP
LOAD C:/ST/STM32CubeIDE_1.15.1/STM32CubeIDE/plugins/com.st.stm32cube.ide.mcu.externaltools.gnu-tools-for-stm32.12.3.rel1.win32_1.0.200.202406191623/tools/bin/../lib/gcc/arm-none-eabi/12.3.1/../../../../arm-none-eabi/lib/thumb/v7e-m/nofp\libc_nano.a
LOAD C:/ST/STM32CubeIDE_1.15.1/STM32CubeIDE/plugins/com.st.stm32cube.ide.mcu.externaltools.gnu-tools-for-stm32.12.3.rel1.win32_1.0.200.202406191623/tools/bin/../lib/gcc/arm-none-eabi/12.3.1/../../../../arm-none-eabi/lib/thumb/v7e-m/nofp\libm.a
END GROUP
START GROUP
LOAD C:/ST/STM32CubeIDE_1.15.1/STM32CubeIDE/plugins/com.st.stm32cube.ide.mcu.externaltools.gnu-tools-for-stm32.12.3.rel1.win32_1.0.200.202406191623/tools/bin/../lib/gcc/arm-none-eabi/12.3.1/thumb/v7e-m/nofp\libgcc.a
LOAD C:/ST/STM32CubeIDE_1.15.1/STM32CubeIDE/plugins/com.st.stm32cube.ide.mcu.externaltools.gnu-tools-for-stm32.12.3.rel1.win32_1.0.200.202406191623/tools/bin/../lib/gcc/arm-none-eabi/12.3.1/../../../../arm-none-eabi/lib/thumb/v7e-m/nofp\libc_nano.a
END GROUP
START GROUP
LOAD C:/ST/STM32CubeIDE_1.15.1/STM32CubeIDE/plugins/com.st.stm32cube.ide.mcu.externaltools.gnu-tools-for-stm32.12.3.rel1.win32_1.0.200.202406191623/tools/bin/../lib/gcc/arm-none-eabi/12.3.1/thumb/v7e-m/nofp\libgcc.a
LOAD C:/ST/STM32CubeIDE_1.15.1/STM32CubeIDE/plugins/com.st.stm32cube.ide.mcu.externaltools.gnu-tools-for-stm32.12.3.rel1.win32_1.0.200.202406191623/tools/bin/../lib/gcc/arm-none-eabi/12.3.1/../../../../arm-none-eabi/lib/thumb/v7e-m/nofp\libc_nano.a
LOAD C:/ST/STM32CubeIDE_1.15.1/STM32CubeIDE/plugins/com.st.stm32cube.ide.mcu.externaltools.gnu-tools-for-stm32.12.3.rel1.win32_1.0.200.202406191623/tools/bin/../lib/gcc/arm-none-eabi/12.3.1/../../../../arm-none-eabi/lib/thumb/v7e-m/nofp\libnosys.a
END GROUP
START GROUP
LOAD C:/ST/STM32CubeIDE_1.15.1/STM32CubeIDE/plugins/com.st.stm32cube.ide.mcu.externaltools.gnu-tools-for-stm32.12.3.rel1.win32_1.0.200.202406191623/tools/bin/../lib/gcc/arm-none-eabi/12.3.1/thumb/v7e-m/nofp\libgcc.a
LOAD C:/ST/STM32CubeIDE_1.15.1/STM32CubeIDE/plugins/com.st.stm32cube.ide.mcu.externaltools.gnu-tools-for-stm32.12.3.rel1.win32_1.0.200.202406191623/tools/bin/../lib/gcc/arm-none-eabi/12.3.1/../../../../arm-none-eabi/lib/thumb/v7e-m/nofp\libc_nano.a
LOAD C:/ST/STM32CubeIDE_1.15.1/STM32CubeIDE/plugins/com.st.stm32cube.ide.mcu.externaltools.gnu-tools-for-stm32.12.3.rel1.win32_1.0.200.202406191623/tools/bin/../lib/gcc/arm-none-eabi/12.3.1/../../../../arm-none-eabi/lib/thumb/v7e-m/nofp\libnosys.a
END GROUP
LOAD C:/ST/STM32CubeIDE_1.15.1/STM32CubeIDE/plugins/com.st.stm32cube.ide.mcu.externaltools.gnu-tools-for-stm32.12.3.rel1.win32_1.0.200.202406191623/tools/bin/../lib/gcc/arm-none-eabi/12.3.1/thumb/v7e-m/nofp/crtend.o
LOAD C:/ST/STM32CubeIDE_1.15.1/STM32CubeIDE/plugins/com.st.stm32cube.ide.mcu.externaltools.gnu-tools-for-stm32.12.3.rel1.win32_1.0.200.202406191623/tools/bin/../lib/gcc/arm-none-eabi/12.3.1/thumb/v7e-m/nofp/crtn.o
                0x20020000                        _estack = (ORIGIN (RAM) + LENGTH (RAM))
                0x00000200                        _Min_Heap_Size = 0x200
                0x00000400                        _Min_Stack_Size = 0x400

.isr_vector     0x08000000      0x1c4
                0x08000000                        . = ALIGN (0x4)
 *(.isr_vector)
 .isr_vector    0x08000000      0x1c4 ./Startup/startup_stm32f446retx.o
                0x08000000                g_pfnVectors
                0x080001c4                        . = ALIGN (0x4)

.text           0x080001c4      0x6f0
                0x080001c4                        . = ALIGN (0x4)
 *(.text)
 .text          0x080001c4       0x40 C:/ST/STM32CubeIDE_1.15.1/STM32CubeIDE/plugins/com.st.stm32cube.ide.mcu.externaltools.gnu-tools-for-stm32.12.3.rel1.win32_1.0.200.202406191623/tools/bin/../lib/gcc/arm-none-eabi/12.3.1/thumb/v7e-m/nofp/crtbegin.o
 *(.text*)
 .text.LED_Init
                0x08000204       0x2c ./Src/led.o
                0x08000204                LED_Init
 .text.Button_Init
                0x08000230       0x2c ./Src/led.o
                0x08000230                Button_Init
 .text.Button_Pressed
                0x0800025c       0x24 ./Src/led.o
                0x0800025c                Button_Pressed
 .text.LED_Blinking
                0x08000280       0x88 ./Src/led.o
                0x08000280                LED_Blinking
 .text.main     0x08000308       0x1e ./Src/main.o
                0x08000308                main
 .text.Menu     0x08000326      0x2be ./Src/menu.o
                0x08000326                Menu
 .text.PWM_Init
                0x080005e4       0x88 ./Src/pwm.o
                0x080005e4                PWM_Init
 .text.PWM_SetDutyCycle
                0x0800066c       0x26 ./Src/pwm.o
                0x0800066c                PWM_SetDutyCycle
 *fill*         0x08000692        0x2 
 .text.LED_PWM_Control
                0x08000694       0x7c ./Src/pwm.o
                0x08000694                LED_PWM_Control
 .text.SystemInit
                0x08000710       0x40 ./Src/system_stm32f4xx.o
                0x08000710                SystemInit
 .text.UART_Init
                0x08000750       0x60 ./Src/uart.o
                0x08000750                UART_Init
 .text.UART_SendChar
                0x080007b0       0x2c ./Src/uart.o
                0x080007b0                UART_SendChar
 .text.UART_ReceiveChar
                0x080007dc       0x24 ./Src/uart.o
                0x080007dc                UART_ReceiveChar
 .text.Reset_Handler
                0x08000800       0x50 ./Startup/startup_stm32f446retx.o
                0x08000800                Reset_Handler
 .text.Default_Handler
                0x08000850        0x2 ./Startup/startup_stm32f446retx.o
                0x08000850                RTC_Alarm_IRQHandler
                0x08000850                EXTI2_IRQHandler
                0x08000850                TIM8_CC_IRQHandler
                0x08000850                SPDIF_Rx_IRQHandler
                0x08000850                DebugMon_Handler
                0x08000850                SPI4_IRQHandler
                0x08000850                TIM1_CC_IRQHandler
                0x08000850                QuadSPI_IRQHandler
                0x08000850                DMA2_Stream5_IRQHandler
                0x08000850                HardFault_Handler
                0x08000850                DMA1_Stream5_IRQHandler
                0x08000850                SysTick_Handler
                0x08000850                PVD_IRQHandler
                0x08000850                SDIO_IRQHandler
                0x08000850                TAMP_STAMP_IRQHandler
                0x08000850                PendSV_Handler
                0x08000850                NMI_Handler
                0x08000850                CAN2_RX1_IRQHandler
                0x08000850                EXTI3_IRQHandler
                0x08000850                TIM8_TRG_COM_TIM14_IRQHandler
                0x08000850                TIM1_UP_TIM10_IRQHandler
                0x08000850                FMPI2C1_error_IRQHandler
                0x08000850                TIM8_UP_TIM13_IRQHandler
                0x08000850                I2C3_ER_IRQHandler
                0x08000850                EXTI0_IRQHandler
                0x08000850                I2C2_EV_IRQHandler
                0x08000850                DMA1_Stream2_IRQHandler
                0x08000850                CAN1_RX0_IRQHandler
                0x08000850                OTG_HS_WKUP_IRQHandler
                0x08000850                UsageFault_Handler
                0x08000850                CAN2_SCE_IRQHandler
                0x08000850                DMA2_Stream2_IRQHandler
                0x08000850                SPI1_IRQHandler
                0x08000850                TIM6_DAC_IRQHandler
                0x08000850                TIM1_BRK_TIM9_IRQHandler
                0x08000850                DCMI_IRQHandler
                0x08000850                CAN2_RX0_IRQHandler
                0x08000850                DMA2_Stream3_IRQHandler
                0x08000850                FMPI2C1_IRQHandler
                0x08000850                SAI2_IRQHandler
                0x08000850                USART6_IRQHandler
                0x08000850                USART3_IRQHandler
                0x08000850                CAN1_RX1_IRQHandler
                0x08000850                UART5_IRQHandler
                0x08000850                DMA2_Stream0_IRQHandler
                0x08000850                TIM4_IRQHandler
                0x08000850                I2C1_EV_IRQHandler
                0x08000850                HDMI_CEC_IRQHandler
                0x08000850                DMA1_Stream6_IRQHandler
                0x08000850                DMA1_Stream1_IRQHandler
                0x08000850                UART4_IRQHandler
                0x08000850                TIM3_IRQHandler
                0x08000850                RCC_IRQHandler
                0x08000850                TIM8_BRK_TIM12_IRQHandler
                0x08000850                Default_Handler
                0x08000850                EXTI15_10_IRQHandler
                0x08000850                ADC_IRQHandler
                0x08000850                DMA1_Stream7_IRQHandler
                0x08000850                TIM7_IRQHandler
                0x08000850                CAN2_TX_IRQHandler
                0x08000850                TIM5_IRQHandler
                0x08000850                DMA2_Stream7_IRQHandler
                0x08000850                I2C3_EV_IRQHandler
                0x08000850                EXTI9_5_IRQHandler
                0x08000850                RTC_WKUP_IRQHandler
                0x08000850                SPI2_IRQHandler
                0x08000850                OTG_HS_EP1_IN_IRQHandler
                0x08000850                MemManage_Handler
                0x08000850                DMA1_Stream0_IRQHandler
                0x08000850                CAN1_TX_IRQHandler
                0x08000850                SVC_Handler
                0x08000850                EXTI4_IRQHandler
                0x08000850                OTG_HS_EP1_OUT_IRQHandler
                0x08000850                WWDG_IRQHandler
                0x08000850                TIM2_IRQHandler
                0x08000850                OTG_FS_WKUP_IRQHandler
                0x08000850                TIM1_TRG_COM_TIM11_IRQHandler
                0x08000850                OTG_HS_IRQHandler
                0x08000850                EXTI1_IRQHandler
                0x08000850                USART2_IRQHandler
                0x08000850                I2C2_ER_IRQHandler
                0x08000850                DMA2_Stream1_IRQHandler
                0x08000850                CAN1_SCE_IRQHandler
                0x08000850                FLASH_IRQHandler
                0x08000850                DMA2_Stream4_IRQHandler
                0x08000850                BusFault_Handler
                0x08000850                USART1_IRQHandler
                0x08000850                OTG_FS_IRQHandler
                0x08000850                SPI3_IRQHandler
                0x08000850                DMA1_Stream4_IRQHandler
                0x08000850                I2C1_ER_IRQHandler
                0x08000850                FMC_IRQHandler
                0x08000850                DMA2_Stream6_IRQHandler
                0x08000850                SAI1_IRQHandler
                0x08000850                DMA1_Stream3_IRQHandler
 *fill*         0x08000852        0x2 
 .text.__libc_init_array
                0x08000854       0x48 C:/ST/STM32CubeIDE_1.15.1/STM32CubeIDE/plugins/com.st.stm32cube.ide.mcu.externaltools.gnu-tools-for-stm32.12.3.rel1.win32_1.0.200.202406191623/tools/bin/../lib/gcc/arm-none-eabi/12.3.1/../../../../arm-none-eabi/lib/thumb/v7e-m/nofp\libc_nano.a(libc_a-init.o)
                0x08000854                __libc_init_array
 *(.glue_7)
 .glue_7        0x0800089c        0x0 linker stubs
 *(.glue_7t)
 .glue_7t       0x0800089c        0x0 linker stubs
 *(.eh_frame)
 .eh_frame      0x0800089c        0x0 C:/ST/STM32CubeIDE_1.15.1/STM32CubeIDE/plugins/com.st.stm32cube.ide.mcu.externaltools.gnu-tools-for-stm32.12.3.rel1.win32_1.0.200.202406191623/tools/bin/../lib/gcc/arm-none-eabi/12.3.1/thumb/v7e-m/nofp/crtbegin.o
 *(.init)
 .init          0x0800089c        0x4 C:/ST/STM32CubeIDE_1.15.1/STM32CubeIDE/plugins/com.st.stm32cube.ide.mcu.externaltools.gnu-tools-for-stm32.12.3.rel1.win32_1.0.200.202406191623/tools/bin/../lib/gcc/arm-none-eabi/12.3.1/thumb/v7e-m/nofp/crti.o
                0x0800089c                _init
 .init          0x080008a0        0x8 C:/ST/STM32CubeIDE_1.15.1/STM32CubeIDE/plugins/com.st.stm32cube.ide.mcu.externaltools.gnu-tools-for-stm32.12.3.rel1.win32_1.0.200.202406191623/tools/bin/../lib/gcc/arm-none-eabi/12.3.1/thumb/v7e-m/nofp/crtn.o
 *(.fini)
 .fini          0x080008a8        0x4 C:/ST/STM32CubeIDE_1.15.1/STM32CubeIDE/plugins/com.st.stm32cube.ide.mcu.externaltools.gnu-tools-for-stm32.12.3.rel1.win32_1.0.200.202406191623/tools/bin/../lib/gcc/arm-none-eabi/12.3.1/thumb/v7e-m/nofp/crti.o
                0x080008a8                _fini
 .fini          0x080008ac        0x8 C:/ST/STM32CubeIDE_1.15.1/STM32CubeIDE/plugins/com.st.stm32cube.ide.mcu.externaltools.gnu-tools-for-stm32.12.3.rel1.win32_1.0.200.202406191623/tools/bin/../lib/gcc/arm-none-eabi/12.3.1/thumb/v7e-m/nofp/crtn.o
                0x080008b4                        . = ALIGN (0x4)
                0x080008b4                        _etext = .

.vfp11_veneer   0x080008b4        0x0
 .vfp11_veneer  0x080008b4        0x0 linker stubs

.v4_bx          0x080008b4        0x0
 .v4_bx         0x080008b4        0x0 linker stubs

.iplt           0x080008b4        0x0
 .iplt          0x080008b4        0x0 C:/ST/STM32CubeIDE_1.15.1/STM32CubeIDE/plugins/com.st.stm32cube.ide.mcu.externaltools.gnu-tools-for-stm32.12.3.rel1.win32_1.0.200.202406191623/tools/bin/../lib/gcc/arm-none-eabi/12.3.1/thumb/v7e-m/nofp/crtbegin.o

.rodata         0x080008b4        0x0
                0x080008b4                        . = ALIGN (0x4)
 *(.rodata)
 *(.rodata*)
                0x080008b4                        . = ALIGN (0x4)

.ARM.extab      0x080008b4        0x0
                0x080008b4                        . = ALIGN (0x4)
 *(.ARM.extab* .gnu.linkonce.armextab.*)
                0x080008b4                        . = ALIGN (0x4)

.ARM            0x080008b4        0x0
                0x080008b4                        . = ALIGN (0x4)
                0x080008b4                        __exidx_start = .
 *(.ARM.exidx*)
                0x080008b4                        __exidx_end = .
                0x080008b4                        . = ALIGN (0x4)

.preinit_array  0x080008b4        0x0
                0x080008b4                        . = ALIGN (0x4)
                0x080008b4                        PROVIDE (__preinit_array_start = .)
 *(.preinit_array*)
                0x080008b4                        PROVIDE (__preinit_array_end = .)
                0x080008b4                        . = ALIGN (0x4)

.init_array     0x080008b4        0x4
                0x080008b4                        . = ALIGN (0x4)
                0x080008b4                        PROVIDE (__init_array_start = .)
 *(SORT_BY_NAME(.init_array.*))
 *(.init_array*)
 .init_array    0x080008b4        0x4 C:/ST/STM32CubeIDE_1.15.1/STM32CubeIDE/plugins/com.st.stm32cube.ide.mcu.externaltools.gnu-tools-for-stm32.12.3.rel1.win32_1.0.200.202406191623/tools/bin/../lib/gcc/arm-none-eabi/12.3.1/thumb/v7e-m/nofp/crtbegin.o
                0x080008b8                        PROVIDE (__init_array_end = .)
                0x080008b8                        . = ALIGN (0x4)

.fini_array     0x080008b8        0x4
                0x080008b8                        . = ALIGN (0x4)
                [!provide]                        PROVIDE (__fini_array_start = .)
 *(SORT_BY_NAME(.fini_array.*))
 *(.fini_array*)
 .fini_array    0x080008b8        0x4 C:/ST/STM32CubeIDE_1.15.1/STM32CubeIDE/plugins/com.st.stm32cube.ide.mcu.externaltools.gnu-tools-for-stm32.12.3.rel1.win32_1.0.200.202406191623/tools/bin/../lib/gcc/arm-none-eabi/12.3.1/thumb/v7e-m/nofp/crtbegin.o
                [!provide]                        PROVIDE (__fini_array_end = .)
                0x080008bc                        . = ALIGN (0x4)
                0x080008bc                        _sidata = LOADADDR (.data)

.rel.dyn        0x080008bc        0x0
 .rel.iplt      0x080008bc        0x0 C:/ST/STM32CubeIDE_1.15.1/STM32CubeIDE/plugins/com.st.stm32cube.ide.mcu.externaltools.gnu-tools-for-stm32.12.3.rel1.win32_1.0.200.202406191623/tools/bin/../lib/gcc/arm-none-eabi/12.3.1/thumb/v7e-m/nofp/crtbegin.o

.data           0x20000000        0x4 load address 0x080008bc
                0x20000000                        . = ALIGN (0x4)
                0x20000000                        _sdata = .
 *(.data)
 *(.data*)
 .data.delay.0  0x20000000        0x4 ./Src/led.o
 *(.RamFunc)
 *(.RamFunc*)
                0x20000004                        . = ALIGN (0x4)
                0x20000004                        _edata = .

.igot.plt       0x20000004        0x0 load address 0x080008c0
 .igot.plt      0x20000004        0x0 C:/ST/STM32CubeIDE_1.15.1/STM32CubeIDE/plugins/com.st.stm32cube.ide.mcu.externaltools.gnu-tools-for-stm32.12.3.rel1.win32_1.0.200.202406191623/tools/bin/../lib/gcc/arm-none-eabi/12.3.1/thumb/v7e-m/nofp/crtbegin.o
                0x20000004                        . = ALIGN (0x4)

.bss            0x20000004       0x20 load address 0x080008c0
                0x20000004                        _sbss = .
                0x20000004                        __bss_start__ = _sbss
 *(.bss)
 .bss           0x20000004       0x1c C:/ST/STM32CubeIDE_1.15.1/STM32CubeIDE/plugins/com.st.stm32cube.ide.mcu.externaltools.gnu-tools-for-stm32.12.3.rel1.win32_1.0.200.202406191623/tools/bin/../lib/gcc/arm-none-eabi/12.3.1/thumb/v7e-m/nofp/crtbegin.o
 *(.bss*)
 .bss.press_count.1
                0x20000020        0x1 ./Src/led.o
 .bss.press_count.1
                0x20000021        0x1 ./Src/pwm.o
 .bss.intensity.0
                0x20000022        0x1 ./Src/pwm.o
 *(COMMON)
                0x20000024                        . = ALIGN (0x4)
 *fill*         0x20000023        0x1 
                0x20000024                        _ebss = .
                0x20000024                        __bss_end__ = _ebss

._user_heap_stack
                0x20000024      0x604 load address 0x080008c0
                0x20000028                        . = ALIGN (0x8)
 *fill*         0x20000024        0x4 
                0x20000028                        PROVIDE (end = .)
                [!provide]                        PROVIDE (_end = .)
                0x20000228                        . = (. + _Min_Heap_Size)
 *fill*         0x20000028      0x200 
                0x20000628                        . = (. + _Min_Stack_Size)
 *fill*         0x20000228      0x400 
                0x20000628                        . = ALIGN (0x8)

/DISCARD/
 libc.a(*)
 libm.a(*)
 libgcc.a(*)

.ARM.attributes
                0x00000000       0x2a
 *(.ARM.attributes)
 .ARM.attributes
                0x00000000       0x1e C:/ST/STM32CubeIDE_1.15.1/STM32CubeIDE/plugins/com.st.stm32cube.ide.mcu.externaltools.gnu-tools-for-stm32.12.3.rel1.win32_1.0.200.202406191623/tools/bin/../lib/gcc/arm-none-eabi/12.3.1/thumb/v7e-m/nofp/crti.o
 .ARM.attributes
                0x0000001e       0x2e C:/ST/STM32CubeIDE_1.15.1/STM32CubeIDE/plugins/com.st.stm32cube.ide.mcu.externaltools.gnu-tools-for-stm32.12.3.rel1.win32_1.0.200.202406191623/tools/bin/../lib/gcc/arm-none-eabi/12.3.1/thumb/v7e-m/nofp/crtbegin.o
 .ARM.attributes
                0x0000004c       0x2e ./Src/led.o
 .ARM.attributes
                0x0000007a       0x2e ./Src/main.o
 .ARM.attributes
                0x000000a8       0x2e ./Src/menu.o
 .ARM.attributes
                0x000000d6       0x2e ./Src/pwm.o
 .ARM.attributes
                0x00000104       0x2e ./Src/system_stm32f4xx.o
 .ARM.attributes
                0x00000132       0x2e ./Src/uart.o
 .ARM.attributes
                0x00000160       0x21 ./Startup/startup_stm32f446retx.o
 .ARM.attributes
                0x00000181       0x2e C:/ST/STM32CubeIDE_1.15.1/STM32CubeIDE/plugins/com.st.stm32cube.ide.mcu.externaltools.gnu-tools-for-stm32.12.3.rel1.win32_1.0.200.202406191623/tools/bin/../lib/gcc/arm-none-eabi/12.3.1/../../../../arm-none-eabi/lib/thumb/v7e-m/nofp\libc_nano.a(libc_a-init.o)
 .ARM.attributes
                0x000001af       0x1e C:/ST/STM32CubeIDE_1.15.1/STM32CubeIDE/plugins/com.st.stm32cube.ide.mcu.externaltools.gnu-tools-for-stm32.12.3.rel1.win32_1.0.200.202406191623/tools/bin/../lib/gcc/arm-none-eabi/12.3.1/thumb/v7e-m/nofp/crtn.o
OUTPUT(Final Case Study - Group 19.elf elf32-littlearm)
LOAD linker stubs
LOAD C:/ST/STM32CubeIDE_1.15.1/STM32CubeIDE/plugins/com.st.stm32cube.ide.mcu.externaltools.gnu-tools-for-stm32.12.3.rel1.win32_1.0.200.202406191623/tools/bin/../lib/gcc/arm-none-eabi/12.3.1/../../../../arm-none-eabi/lib/thumb/v7e-m/nofp\libc.a
LOAD C:/ST/STM32CubeIDE_1.15.1/STM32CubeIDE/plugins/com.st.stm32cube.ide.mcu.externaltools.gnu-tools-for-stm32.12.3.rel1.win32_1.0.200.202406191623/tools/bin/../lib/gcc/arm-none-eabi/12.3.1/../../../../arm-none-eabi/lib/thumb/v7e-m/nofp\libm.a
LOAD C:/ST/STM32CubeIDE_1.15.1/STM32CubeIDE/plugins/com.st.stm32cube.ide.mcu.externaltools.gnu-tools-for-stm32.12.3.rel1.win32_1.0.200.202406191623/tools/bin/../lib/gcc/arm-none-eabi/12.3.1/thumb/v7e-m/nofp\libgcc.a

.debug_info     0x00000000     0x1086
 .debug_info    0x00000000      0x3a8 ./Src/led.o
 .debug_info    0x000003a8       0xa5 ./Src/main.o
 .debug_info    0x0000044d      0x137 ./Src/menu.o
 .debug_info    0x00000584      0x4de ./Src/pwm.o
 .debug_info    0x00000a62      0x25f ./Src/system_stm32f4xx.o
 .debug_info    0x00000cc1      0x395 ./Src/uart.o
 .debug_info    0x00001056       0x30 ./Startup/startup_stm32f446retx.o

.debug_abbrev   0x00000000      0x573
 .debug_abbrev  0x00000000      0x152 ./Src/led.o
 .debug_abbrev  0x00000152       0x5c ./Src/main.o
 .debug_abbrev  0x000001ae       0x8f ./Src/menu.o
 .debug_abbrev  0x0000023d      0x164 ./Src/pwm.o
 .debug_abbrev  0x000003a1       0xb1 ./Src/system_stm32f4xx.o
 .debug_abbrev  0x00000452       0xfd ./Src/uart.o
 .debug_abbrev  0x0000054f       0x24 ./Startup/startup_stm32f446retx.o

.debug_aranges  0x00000000      0x120
 .debug_aranges
                0x00000000       0x38 ./Src/led.o
 .debug_aranges
                0x00000038       0x20 ./Src/main.o
 .debug_aranges
                0x00000058       0x20 ./Src/menu.o
 .debug_aranges
                0x00000078       0x30 ./Src/pwm.o
 .debug_aranges
                0x000000a8       0x20 ./Src/system_stm32f4xx.o
 .debug_aranges
                0x000000c8       0x30 ./Src/uart.o
 .debug_aranges
                0x000000f8       0x28 ./Startup/startup_stm32f446retx.o

.debug_rnglists
                0x00000000       0xb8
 .debug_rnglists
                0x00000000       0x26 ./Src/led.o
 .debug_rnglists
                0x00000026       0x13 ./Src/main.o
 .debug_rnglists
                0x00000039       0x14 ./Src/menu.o
 .debug_rnglists
                0x0000004d       0x20 ./Src/pwm.o
 .debug_rnglists
                0x0000006d       0x13 ./Src/system_stm32f4xx.o
 .debug_rnglists
                0x00000080       0x1f ./Src/uart.o
 .debug_rnglists
                0x0000009f       0x19 ./Startup/startup_stm32f446retx.o

.debug_macro    0x00000000     0xbd03
 .debug_macro   0x00000000       0xcb ./Src/led.o
 .debug_macro   0x000000cb      0xab4 ./Src/led.o
 .debug_macro   0x00000b7f       0x28 ./Src/led.o
 .debug_macro   0x00000ba7       0x22 ./Src/led.o
 .debug_macro   0x00000bc9       0x8e ./Src/led.o
 .debug_macro   0x00000c57       0x51 ./Src/led.o
 .debug_macro   0x00000ca8      0x103 ./Src/led.o
 .debug_macro   0x00000dab       0x6a ./Src/led.o
 .debug_macro   0x00000e15      0x1df ./Src/led.o
 .debug_macro   0x00000ff4       0x1c ./Src/led.o
 .debug_macro   0x00001010       0x22 ./Src/led.o
 .debug_macro   0x00001032      0x107 ./Src/led.o
 .debug_macro   0x00001139     0x1057 ./Src/led.o
 .debug_macro   0x00002190      0x11f ./Src/led.o
 .debug_macro   0x000022af     0x9699 ./Src/led.o
 .debug_macro   0x0000b948       0xbf ./Src/main.o
 .debug_macro   0x0000ba07       0xbf ./Src/menu.o
 .debug_macro   0x0000bac6       0xbf ./Src/pwm.o
 .debug_macro   0x0000bb85       0xbf ./Src/system_stm32f4xx.o
 .debug_macro   0x0000bc44       0xbf ./Src/uart.o

.debug_line     0x00000000     0x1e58
 .debug_line    0x00000000      0x52a ./Src/led.o
 .debug_line    0x0000052a      0x491 ./Src/main.o
 .debug_line    0x000009bb      0x50f ./Src/menu.o
 .debug_line    0x00000eca      0x530 ./Src/pwm.o
 .debug_line    0x000013fa      0x4d0 ./Src/system_stm32f4xx.o
 .debug_line    0x000018ca      0x513 ./Src/uart.o
 .debug_line    0x00001ddd       0x7b ./Startup/startup_stm32f446retx.o

.debug_str      0x00000000    0x4188c
 .debug_str     0x00000000    0x4172d ./Src/led.o
                              0x418c0 (size before relaxing)
 .debug_str     0x0004172d       0x2b ./Src/main.o
                              0x41711 (size before relaxing)
 .debug_str     0x00041758       0x37 ./Src/menu.o
                              0x41728 (size before relaxing)
 .debug_str     0x0004178f       0x78 ./Src/pwm.o
                              0x41904 (size before relaxing)
 .debug_str     0x00041807       0x25 ./Src/system_stm32f4xx.o
                              0x4182b (size before relaxing)
 .debug_str     0x0004182c       0x21 ./Src/uart.o
                              0x41882 (size before relaxing)
 .debug_str     0x0004184d       0x3f ./Startup/startup_stm32f446retx.o
                                 0x8d (size before relaxing)

.comment        0x00000000       0x43
 .comment       0x00000000       0x43 ./Src/led.o
                                 0x44 (size before relaxing)
 .comment       0x00000043       0x44 ./Src/main.o
 .comment       0x00000043       0x44 ./Src/menu.o
 .comment       0x00000043       0x44 ./Src/pwm.o
 .comment       0x00000043       0x44 ./Src/system_stm32f4xx.o
 .comment       0x00000043       0x44 ./Src/uart.o

.debug_frame    0x00000000      0x240
 .debug_frame   0x00000000       0x90 ./Src/led.o
 .debug_frame   0x00000090       0x2c ./Src/main.o
 .debug_frame   0x000000bc       0x38 ./Src/menu.o
 .debug_frame   0x000000f4       0x78 ./Src/pwm.o
 .debug_frame   0x0000016c       0x30 ./Src/system_stm32f4xx.o
 .debug_frame   0x0000019c       0x78 ./Src/uart.o
 .debug_frame   0x00000214       0x2c C:/ST/STM32CubeIDE_1.15.1/STM32CubeIDE/plugins/com.st.stm32cube.ide.mcu.externaltools.gnu-tools-for-stm32.12.3.rel1.win32_1.0.200.202406191623/tools/bin/../lib/gcc/arm-none-eabi/12.3.1/../../../../arm-none-eabi/lib/thumb/v7e-m/nofp\libc_nano.a(libc_a-init.o)

.debug_line_str
                0x00000000       0x71
 .debug_line_str
                0x00000000       0x71 ./Startup/startup_stm32f446retx.o
